     1023     68 -rwsr-xr-x   1 root     root        69568 Sep  9 20:26 /home/user1/mycat
     7880     68 -rwsr-xr-x   1 root     root        69464 Jul 23  2025 /usr/bin/at
     8398     80 -rwsr-xr-x   1 root     root        78752 Jul 29  2025 /usr/bin/chage
     8811     68 -rws--x--x   1 root     root        69248 Sep 19  2025 /usr/bin/chfn
     8823     68 -rws--x--x   1 root     root        69184 Sep 19  2025 /usr/bin/chsh
     8883     72 -rwsr-xr-x   1 root     root        69720 Aug  6  2025 /usr/bin/crontab
    10107     68 -rwsr-xr-x   1 root     root        69304 Jul 23  2025 /usr/bin/fusermount
    10108     68 -rwsr-xr-x   1 root     root        69304 Sep 19  2025 /usr/bin/fusermount-glusterfs
    10109     68 -rwsr-xr-x   1 root     root        69280 Jan 16  2025 /usr/bin/fusermount3
    10646     76 -rwsr-xr-x   1 root     root        74096 Jul 29  2025 /usr/bin/gpasswd
    11055     68 -rwsr-xr-x   1 root     root        68904 Aug  6  2025 /usr/bin/grub2-set-bootflag
    11671     68 -rwsr-xr-x   1 root     root        69328 Sep 19  2025 /usr/bin/mount
    11677    136 -rwsr-xr-x   1 root     root       136048 Sep 12  2025 /usr/bin/mount.nfs
    11759     72 -rwsr-xr-x   1 root     root        70872 Jul 29  2025 /usr/bin/newgrp
    12171     68 -rwsr-xr-x   1 root     root        69088 Jul 24  2025 /usr/bin/pam_timestamp_check
    12193    144 -rwsr-xr-x   1 root     root       144760 Jul 29  2025 /usr/bin/passwd
    12264     68 -rwsr-xr-x   1 root     root        69232 Jul 25  2025 /usr/bin/pkexec
    12843     68 -rwsr-xr-x   1 root     root        69568 Sep 19  2025 /usr/bin/su
    12844    268 ---s--x--x   1 root     root       272600 Jul 25  2025 /usr/bin/sudo
    13214     68 -rwsr-xr-x   1 root     root        69248 Sep 19  2025 /usr/bin/umount
    13225     68 -rwsr-xr-x   1 root     root        69280 Jul 24  2025 /usr/bin/unix_chkpwd
    13254     68 -rws--x--x   1 root     root        69440 Jul 25  2025 /usr/bin/userhelper
    13302     68 -rwsr-xr-x   1 root     root        69112 Jul 24  2025 /usr/bin/vmware-user-suid-wrapper
    29223     68 -rwsr-xr-x   1 root     root        69112 Jul 25  2025 /usr/lib/polkit-1/polkit-agent-helper-1
    54478     68 -rwsr-x---   1 root     dbus        69256 Jul 23  2025 /usr/libexec/dbus-1/dbus-daemon-launch-helper
    54682     68 -rwsr-xr-x   1 root     root        69160 Jul 25  2025 /usr/libexec/spice-gtk-aarch64/spice-client-glib-usb-acl-helper
    54385     68 -rwsr-xr-x   1 root     root        69192 Jul 24  2025 /usr/libexec/libgtop_server2
    54429    656 -rwsr-xr-x   1 root     root       668272 Sep 19  2025 /usr/libexec/qemu-bridge-helper
