  File: /home/user1
  Size: 144       	Blocks: 0          IO Block: 4096   directory
Device: 0,43	Inode: 1015        Links: 1
Access: (0700/drwx------)  Uid: ( 1234/   user1)   Gid: ( 1002/students)
Context: unconfined_u:object_r:user_home_dir_t:s0
Access: 2026-09-09 20:23:48.157000079 +0300
Modify: 2026-09-09 20:28:28.948000213 +0300
Change: 2026-09-09 20:28:28.948000213 +0300
 Birth: 2026-09-09 20:22:04.004000029 +0300
  File: /home/user1/mycat
  Size: 69568     	Blocks: 136        IO Block: 4096   regular file
Device: 0,43	Inode: 1023        Links: 1
Access: (4755/-rwsr-xr-x)  Uid: (    0/    root)   Gid: (    0/    root)
Context: unconfined_u:object_r:user_home_t:s0
Access: 2026-09-09 20:27:43.536000191 +0300
Modify: 2026-09-09 20:26:38.644000160 +0300
Change: 2026-09-09 20:27:27.226000183 +0300
 Birth: 2026-09-09 20:26:38.644000160 +0300
  File: /home/user1/mychown
  Size: 70080     	Blocks: 144        IO Block: 4096   regular file
Device: 0,43	Inode: 1026        Links: 1
Access: (0755/-rwxr-xr-x)  Uid: (    0/    root)   Gid: (    0/    root)
Context: unconfined_u:object_r:user_home_t:s0
Access: 2026-09-09 20:30:21.660000267 +0300
Modify: 2026-09-09 20:29:16.336000235 +0300
Change: 2026-09-09 20:30:01.281000257 +0300
 Birth: 2026-09-09 20:29:16.336000235 +0300
